* using log directory 'C:/Users/Hamza/Coding/carbonpredict/carbonpredict.Rcheck'
* using R version 4.5.1 (2025-06-13 ucrt)
* using platform: x86_64-w64-mingw32
* R was compiled by
    gcc.exe (GCC) 14.2.0
    GNU Fortran (GCC) 14.2.0
* running under: Windows 11 x64 (build 26100)
* using session charset: UTF-8
* using option '--as-cran'
* checking for file 'carbonpredict/DESCRIPTION' ... OK
* this is package 'carbonpredict' version '0.0.4'
* package encoding: UTF-8
* checking CRAN incoming feasibility ... NOTE
Maintainer: 'Hamza Suleman <Hamza.Suleman@lloydsbanking.com>'

New submission

The Description field should not start with the package name,
  'This package' or similar.

Size of tarball: 10450442 bytes
* checking package namespace information ... OK
* checking package dependencies ... OK
* checking if this is a source package ... OK
* checking if there is a namespace ... OK
* checking for executable files ... OK
* checking for hidden files and directories ... OK
* checking for portable file names ... OK
* checking whether package 'carbonpredict' can be installed ... OK
* checking installed package size ... INFO
  installed size is 10.8Mb
  sub-directories of 1Mb or more:
    models  10.7Mb
* checking package directory ... OK
* checking for future file timestamps ... OK
* checking DESCRIPTION meta-information ... OK
* checking top-level files ... NOTE
Files 'README.md' or 'NEWS.md' cannot be checked without 'pandoc' being installed.
Non-standard files/directories found at top level:
  'LICENSE.md' 'README.Rmd' 'carbonpredict_documentation.pdf' 'docs'
* checking for left-over files ... OK
* checking index information ... OK
* checking package subdirectories ... OK
* checking code files for non-ASCII characters ... OK
* checking R files for syntax errors ... OK
* checking whether the package can be loaded ... OK
* checking whether the package can be loaded with stated dependencies ... OK
* checking whether the package can be unloaded cleanly ... OK
* checking whether the namespace can be loaded with stated dependencies ... OK
* checking whether the namespace can be unloaded cleanly ... OK
* checking loading without being on the library search path ... OK
* checking use of S3 registration ... OK
* checking dependencies in R code ... OK
* checking S3 generic/method consistency ... OK
* checking replacement functions ... OK
* checking foreign function calls ... OK
* checking R code for possible problems ... OK
* checking Rd files ... OK
* checking Rd metadata ... OK
* checking Rd line widths ... NOTE
Rd file 'batch_sme_plots.Rd':
  \examples lines wider than 100 characters:
     batch_sme_emissions <- batch_predict_emissions(data = sample_data, company_type = "sme", output_path = NULL)

Rd file 'plot_sme_emissions.Rd':
  \examples lines wider than 100 characters:
     plot_sme_emissions(scope1_emissions = scope_1$predicted_emissions, scope2_emissions = scope_2$predicted_emissions, company_name = "ABC" ... [TRUNCATED]

These lines will be truncated in the PDF manual.
* checking Rd cross-references ... OK
* checking for missing documentation entries ... OK
* checking for code/documentation mismatches ... OK
* checking Rd \usage sections ... OK
* checking Rd contents ... OK
* checking for unstated dependencies in examples ... OK
* checking examples ... OK
* checking for unstated dependencies in 'tests' ... OK
* checking tests ... OK
  Running 'testthat.R'
* checking PDF version of manual ... OK
* checking HTML version of manual ... OK
* checking for non-standard things in the check directory ... OK
* checking for detritus in the temp directory ... OK
* DONE
Status: 3 NOTEs
